--------------------------------------------------------------------------------
Release 14.7 Trace  (lin64)
Copyright (c) 1995-2013 Xilinx, Inc.  All rights reserved.

/opt/Xilinx/14.7/ISE_DS/ISE/bin/lin64/unwrapped/trce -intstyle ise -v 3 -s 1 -n
3 -fastpaths -xml Komp.twx Komp.ncd -o Komp.twr Komp.pcf -ucf Komp.ucf

Design file:              Komp.ncd
Physical constraint file: Komp.pcf
Device,package,speed:     xc7a100t,csg324,C,-1 (PRODUCTION 1.10 2013-10-13)
Report level:             verbose report

Environment Variable      Effect 
--------------------      ------ 
NONE                      No environment variables were set
--------------------------------------------------------------------------------

INFO:Timing:2698 - No timing constraints found, doing default enumeration.
INFO:Timing:3412 - To improve timing, see the Timing Closure User Guide (UG612).
INFO:Timing:2752 - To get complete path coverage, use the unconstrained paths 
   option. All paths that are not constrained will be reported in the 
   unconstrained paths section(s) of the report.
INFO:Timing:3339 - The clock-to-out numbers in this timing report are based on 
   a 50 Ohm transmission line loading model.  For the details of this model, 
   and for more information on accounting for different loading conditions, 
   please see the device datasheet.



Data Sheet report:
-----------------
All values displayed in nanoseconds (ns)

Pad to Pad
---------------+---------------+---------+
Source Pad     |Destination Pad|  Delay  |
---------------+---------------+---------+
x<1>           |y<1>           |    7.705|
x<1>           |y<2>           |    8.128|
x<1>           |y<3>           |    8.136|
x<1>           |y<4>           |    8.329|
x<1>           |y<5>           |    8.691|
x<2>           |y<2>           |   11.274|
x<2>           |y<3>           |   11.316|
x<2>           |y<4>           |   10.835|
x<2>           |y<5>           |   11.196|
x<3>           |y<3>           |    8.524|
x<3>           |y<4>           |    8.467|
x<3>           |y<5>           |    8.829|
x<4>           |y<4>           |    7.864|
x<4>           |y<5>           |    8.192|
x<5>           |y<5>           |    8.613|
---------------+---------------+---------+


Analysis completed Thu May 19 12:11:02 2016 
--------------------------------------------------------------------------------

Trace Settings:
-------------------------
Trace Settings 

Peak Memory Usage: 766 MB



